Syncing Japan...
  Synced 180 rows for JP
Syncing United Kingdom...
  Synced 3190112 rows for GB
Syncing Germany...
  Synced 71556 rows for DE
Syncing Netherlands...
  Synced 129625 rows for NL
Syncing Italy...
Syncing Singapore...
  No changes for SG
Syncing Sweden...
  No changes for SE
Syncing Norway...
  No changes for NO
Syncing Australia...
  No changes for AU
Total rows: 6992025
Countries: ['DE', 'GB', 'IT', 'JP', 'NL']
Date range: 1974-09-24 to 2026-05-22
Rate types: <ArrowStringArray>
[   'constant_maturity_yield',                  'par_yield',
                   'bond_ytm',                  'zero_spot',
              'ois_zero_spot', 'benchmark_government_yield']
Length: 6, dtype: str
Curve families: <ArrowStringArray>
[  'nominal_government',            'inflation',      'real_government',
                  'ois', 'benchmark_government']
Length: 5, dtype: str
DuckDB tables: ['yield_curves_history', 'yield_curves_latest', 'yield_curves']
DuckDB latest rows: 6992025
Syncing Japan...
  Synced 162517 rows for JP
Syncing United Kingdom...
  No changes for GB (hash unchanged)
Syncing Germany...
  No changes for DE (hash unchanged)
Syncing Netherlands...
  No changes for NL (hash unchanged)
Syncing Italy...
  No changes for IT (hash unchanged)
Syncing Singapore...
  No changes for SG
Syncing Sweden...
  No changes for SE
Syncing Norway...
  No changes for NO
Syncing Australia...
  No changes for AU
Total rows: 7154362
Countries: ['DE', 'GB', 'IT', 'JP', 'NL']
Date range: 1974-09-24 to 2026-05-22
Rate types: <ArrowStringArray>
[   'constant_maturity_yield',                  'par_yield',
                   'bond_ytm',                  'zero_spot',
              'ois_zero_spot', 'benchmark_government_yield']
Length: 6, dtype: str
Curve families: <ArrowStringArray>
[  'nominal_government',            'inflation',      'real_government',
                  'ois', 'benchmark_government']
Length: 5, dtype: str
DuckDB tables: ['yield_curves_history', 'yield_curves_latest', 'yield_curves']
DuckDB latest rows: 7154362
Syncing Japan...
  Synced 162532 rows for JP
Syncing United Kingdom...
  No changes for GB (hash unchanged)
Syncing Germany...
  No changes for DE (hash unchanged)
Syncing Netherlands...
  No changes for NL (hash unchanged)
Syncing Italy...
  No changes for IT (hash unchanged)
Syncing Singapore...
  No changes for SG
Syncing Sweden...
  No changes for SE
Syncing Norway...
  No changes for NO
Syncing Australia...
  No changes for AU
Total rows: 7154377
Countries: ['DE', 'GB', 'IT', 'JP', 'NL']
Date range: 1974-09-24 to 2026-05-22
Rate types: <ArrowStringArray>
[   'constant_maturity_yield',                  'par_yield',
                   'bond_ytm',                  'zero_spot',
              'ois_zero_spot', 'benchmark_government_yield']
Length: 6, dtype: str
Curve families: <ArrowStringArray>
[  'nominal_government',            'inflation',      'real_government',
                  'ois', 'benchmark_government']
Length: 5, dtype: str
DuckDB tables: ['yield_curves_history', 'yield_curves_latest', 'yield_curves']
DuckDB latest rows: 7154377
Syncing Japan...
  Synced 162547 rows for JP
Syncing United Kingdom...
  No changes for GB (hash unchanged)
Syncing Germany...
  Synced 71566 rows for DE
Syncing Netherlands...
  No changes for NL (hash unchanged)
Syncing Italy...
  No changes for IT (hash unchanged)
Syncing Singapore...
  No changes for SG
Syncing Sweden...
  No changes for SE
Syncing Norway...
  No changes for NO
Syncing Australia...
  No changes for AU
Total rows: 7154402
Countries: ['DE', 'GB', 'IT', 'JP', 'NL']
Date range: 1974-09-24 to 2026-05-25
Rate types: <ArrowStringArray>
[   'constant_maturity_yield',                  'par_yield',
                   'bond_ytm',                  'zero_spot',
              'ois_zero_spot', 'benchmark_government_yield']
Length: 6, dtype: str
Curve families: <ArrowStringArray>
[  'nominal_government',            'inflation',      'real_government',
                  'ois', 'benchmark_government']
Length: 5, dtype: str
DuckDB tables: ['yield_curves_history', 'yield_curves_latest', 'yield_curves']
DuckDB latest rows: 7154402
Syncing Japan...
  No changes for JP (hash unchanged)
Syncing United Kingdom...
Syncing Japan...
  Synced 162562 rows for JP
Syncing United Kingdom...
  Synced 3190988 rows for GB
Syncing Germany...
  Synced 71586 rows for DE
Syncing Netherlands...
  No changes for NL (hash unchanged)
Syncing Italy...
  No changes for IT (hash unchanged)
Syncing Singapore...
  No changes for SG
Syncing Sweden...
  No changes for SE
Syncing Norway...
  No changes for NO
Syncing Australia...
  No changes for AU
Total rows: 7155313
Countries: ['DE', 'GB', 'IT', 'JP', 'NL']
Date range: 1974-09-24 to 2026-05-27
Rate types: <ArrowStringArray>
[   'constant_maturity_yield',                  'par_yield',
                   'bond_ytm',                  'zero_spot',
              'ois_zero_spot', 'benchmark_government_yield']
Length: 6, dtype: str
Curve families: <ArrowStringArray>
[  'nominal_government',            'inflation',      'real_government',
                  'ois', 'benchmark_government']
Length: 5, dtype: str
DuckDB tables: ['yield_curves_history', 'yield_curves_latest', 'yield_curves']
DuckDB latest rows: 7155313
Syncing Japan...
  No changes for JP (hash unchanged)
Syncing United Kingdom...
  No changes for GB (hash unchanged)
Syncing Germany...
  No changes for DE (hash unchanged)
Syncing Netherlands...
  No changes for NL (hash unchanged)
Syncing Italy...
  No changes for IT (hash unchanged)
Syncing Singapore...
  No changes for SG
Syncing Sweden...
  No changes for SE
Syncing Norway...
  No changes for NO
Syncing Australia...
  No changes for AU
Total rows: 7155313
Countries: ['DE', 'GB', 'IT', 'JP', 'NL']
Date range: 1974-09-24 to 2026-05-27
Rate types: <ArrowStringArray>
[   'constant_maturity_yield',                  'par_yield',
                   'bond_ytm',                  'zero_spot',
              'ois_zero_spot', 'benchmark_government_yield']
Length: 6, dtype: str
Curve families: <ArrowStringArray>
[  'nominal_government',            'inflation',      'real_government',
                  'ois', 'benchmark_government']
Length: 5, dtype: str
DuckDB tables: ['yield_curves_history', 'yield_curves_latest', 'yield_curves']
DuckDB latest rows: 7155313
Syncing Japan...
Syncing Japan...
Syncing Japan...
  No changes for JP
Syncing United Kingdom...
  No changes for GB
Syncing Germany...
  No changes for DE
Syncing Netherlands...
  No changes for NL
Syncing Italy...
  No changes for IT
Syncing Singapore...
Syncing Japan...
Syncing United Kingdom...
Syncing Germany...
Syncing Netherlands...
  No changes for NL (hash unchanged)
Syncing Italy...
  No changes for IT (hash unchanged)
Syncing Singapore...
  No changes for SG
Syncing Sweden...
  No changes for SE
Syncing Norway...
  No changes for NO
Syncing Australia...
  No changes for AU
Total rows: 7155313
Countries: ['DE', 'GB', 'IT', 'JP', 'NL']
Date range: 1974-09-24 to 2026-05-27
Rate types: <ArrowStringArray>
[   'constant_maturity_yield',                  'par_yield',
                   'bond_ytm',                  'zero_spot',
              'ois_zero_spot', 'benchmark_government_yield']
Length: 6, dtype: str
Curve families: <ArrowStringArray>
[  'nominal_government',            'inflation',      'real_government',
                  'ois', 'benchmark_government']
Length: 5, dtype: str
DuckDB tables: ['yield_curves_history', 'yield_curves_latest', 'yield_curves']
DuckDB latest rows: 7155313
